acf_plugin warning: discarded line 53: function name unspecified
acf_plugin warning: discarded line 53: attribute unspecified
acf_plugin warning: discarded line 54: function name unspecified
acf_plugin warning: discarded line 54: attribute unspecified
acf_plugin warning: discarded line 55: attribute unspecified
acf_plugin warning: discarded line 56: attribute unspecified
acf_plugin warning: discarded line 57: function name unspecified
acf_plugin warning: discarded line 58: attribute unspecified
acf_plugin warning: discarded line 59: attribute unspecified
acf_plugin warning: discarded line 60: function name unspecified
acf_plugin warning: discarded line 61: attribute unspecified
acf_plugin warning: discarded line 62: attribute unspecified
acf_plugin warning: discarded line 63: attribute unspecified
acf_plugin warning: line 64: discarded entries after null argument
acf_plugin warning: line 65: discarded entries after null argument
acf_plugin warning: line 66: discarded entries after null argument
acf_plugin warning: discarded line 69: more than 13 entries
acf_plugin warning: discarded line 70: more than 13 entries
acf_plugin warning: discarded line 71: more than 13 entries
acf_plugin warning: discarded line 72: more than 13 entries
acf_plugin: dcl passes for function _Z8tab_initPi, attaching attribute: optimize O0
acf_plugin: dcl passes for function _Z6squarei, attaching attribute: optimize O3
acf_plugin: dcl passes for function _Z6squarei, attaching attribute: optimize #2 (file: hello-cpp.cpp)
acf_plugin: dcl passes for function _Z9tab_printPi, attaching attribute: noinline 
acf_plugin: dcl passes for function _Z9tab_printPi, attaching attribute: optimize Os
acf_plugin: dcl passes for function _Z5func1Pi, attaching attribute: optimize O2
acf_plugin: dcl passes for function _Z5func1Pi, attaching attribute: section .mysectionname
acf_plugin: dcl passes for function _Z5func1Pi, attaching attribute: optimize tree-parallelize-loops=12
acf_plugin: dcl passes for function _Z5func1Pi, attaching attribute: optimize ira-algorithm=priority
acf_plugin: dcl passes for function _Z5func1Pi, attaching attribute: optimize ira-algorithm=CB
acf_plugin: dcl passes for function _Z5func1Pi, attaching attribute: optimize ira-region=all
acf_plugin: dcl passes for function _Z5func1Pi, attaching attribute: optimize ira-region=mixed
acf_plugin: dcl passes for function _Z5func1Pi, attaching attribute: optimize ira-region=one
acf_plugin: dcl passes for function _Z5func1Pi, attaching attribute: optimize sched-stalled-insns=9
acf_plugin: dcl passes for function _Z5func1Pi, attaching attribute: optimize unroll-loops
acf_plugin: dcl passes for function _Z5func1Pi, attaching attribute: optimize O1
acf_plugin: dcl passes for function _Z5func2Pi, attaching attribute: optimize O3
acf_plugin: dcl passes for function _Z5func2Pi, attaching attribute: optimize O1
acf_plugin: dcl passes for function _Z5func2Pi, attaching attribute: cold 
acf_plugin: dcl passes for function _Z5func2Pi, attaching attribute: cold 
acf_plugin: dcl passes for function _Z5func2Pi, attaching attribute: cold 
acf_plugin: dcl passes for function _Z5func2Pi, attaching attribute: optimize unroll-loops (file: hello-cpp.cpp)
acf_plugin: dcl passes for function _Z5func2Pi, attaching attribute: optimize s (file: hello-cpp.cpp)
acf_plugin: dcl passes for function _Z5func2Pi, attaching attribute: optimize O0 (file: hello-cpp.cpp)
acf_plugin: dcl passes for function _Z5func2Pi, attaching attribute: cold 
acf_plugin: dcl passes for function _Z5func2Pi, attaching attribute: cold 
acf_plugin: dcl passes for function main, attaching attribute: optimize Os
acf_plugin: dcl passes for function main, attaching attribute: cold 
acf_plugin: ipa_passes for function _Z5func1Pi, attaching param: param max-unroll-times,#8
acf_plugin: ipa_passes for function _Z5func1Pi, attaching param: param max-inline-insns,#400
acf_plugin: all_passes for function _Z5func1Pi, attaching param: param max-unroll-times,#8
acf_plugin: all_passes for function _Z5func1Pi, attaching param: param max-inline-insns,#400
